// Vitest Snapshot v1, https://vitest.dev/guide/snapshot.html

exports[`quality.scored event schema > locks the dimension keys per surface 1`] = `
{
  "optimize": [
    "fidelity",
    "detailEnrichment",
    "coherence",
    "constraintCompliance",
    "brevityDiscipline",
  ],
  "spanLabeling": [
    "coverage",
    "precision",
    "categoryAccuracy",
    "granularity",
    "boundaryCleanness",
  ],
  "suggestions": [
    "relevance",
    "diversity",
    "categoryFidelity",
    "plausibility",
    "qualityRange",
  ],
}
`;

exports[`quality.scored event schema > matches the optimize quality.scored shape 1`] = `
{
  "dimensions": {
    "brevityDiscipline": 3,
    "coherence": 4,
    "constraintCompliance": 5,
    "detailEnrichment": 5,
    "fidelity": 4,
  },
  "judgeCostUsd": 0.0073,
  "judgeDurationMs": 850,
  "judgeModel": "gpt-4o-2024-08-06",
  "reasoning": "Strong fidelity; slight constraint margin.",
  "rubricVersion": "abc12345",
  "scoredEvent": "optimize.completed",
  "scoredEventId": "00000000-0000-0000-0000-000000000001",
  "source": "synthetic",
  "surface": "optimize",
  "totalScore": 21,
}
`;

exports[`quality.scored event schema > matches the span-labeling quality.scored shape 1`] = `
{
  "dimensions": {
    "boundaryCleanness": 4,
    "categoryAccuracy": 5,
    "coverage": 5,
    "granularity": 4,
    "precision": 4,
  },
  "judgeCostUsd": 0.0058,
  "judgeDurationMs": 940,
  "judgeModel": "gpt-4o-2024-08-06",
  "reasoning": "All major spans labeled; one boundary off by one word.",
  "rubricVersion": "fedcba98",
  "scoredEvent": "label-spans.completed",
  "scoredEventId": "00000000-0000-0000-0000-000000000003",
  "source": "user",
  "surface": "span-labeling",
  "totalScore": 22,
}
`;

exports[`quality.scored event schema > matches the suggestions quality.scored shape 1`] = `
{
  "dimensions": {
    "categoryFidelity": 5,
    "diversity": 3,
    "plausibility": 4,
    "qualityRange": 3,
    "relevance": 4,
  },
  "judgeCostUsd": 0.0041,
  "judgeDurationMs": 720,
  "judgeModel": "gpt-4o-2024-08-06",
  "reasoning": "Reasonable spread; one alternative weakly relevant.",
  "rubricVersion": "def67890",
  "scoredEvent": "suggestions.completed",
  "scoredEventId": "00000000-0000-0000-0000-000000000002",
  "source": "synthetic",
  "surface": "suggestions",
  "totalScore": 19,
}
`;
