// Vitest Snapshot v1, https://vitest.dev/guide/snapshot.html

exports[`pricing > exposes the pricing table for snapshot review 1`] = `
{
  "gpt-4o-2024-08-06": {
    "inputPer1k": 0.0025,
    "outputPer1k": 0.01,
  },
  "gpt-4o-mini": {
    "inputPer1k": 0.00015,
    "outputPer1k": 0.0006,
  },
}
`;
